
> credlink-frontend@3.0.0 dev
> next dev -p 3200

   ▲ Next.js 15.5.26
   - Local:        http://localhost:3200
   - Network:      http://172.20.113.49:3200
   - Experiments (use with caution):
     · optimizePackageImports

 ✓ Starting...
 ✓ Ready in 3.1s
 ○ Compiling / ...
 ✓ Compiled / in 7.6s (1380 modules)
 GET / 200 in 9354ms
 GET / 200 in 251ms
 GET / 200 in 282ms
 GET / 200 in 280ms
 GET / 200 in 256ms
 GET / 200 in 243ms
 GET / 200 in 235ms
 GET / 200 in 411ms
 GET / 200 in 210ms
 ○ Compiling /how-it-works ...
 ✓ Compiled /how-it-works in 809ms (1391 modules)
 GET /how-it-works 200 in 1445ms
 ✓ Compiled /trust in 352ms (1379 modules)
 GET /trust 200 in 737ms
 ✓ Compiled /demo in 406ms (1395 modules)
 GET /demo 200 in 681ms
 ✓ Compiled /login in 470ms (1416 modules)
 GET /login 200 in 787ms
 GET / 200 in 243ms
 GET / 200 in 175ms
 GET / 200 in 175ms
 GET / 200 in 187ms
 ✓ Compiled in 1402ms (1397 modules)
 ✓ Compiled in 483ms (1397 modules)
 GET / 200 in 580ms
 GET / 200 in 206ms
 GET / 200 in 195ms
 GET / 200 in 168ms
 GET / 200 in 166ms
 GET / 200 in 178ms
 GET / 200 in 191ms
 ✓ Compiled in 1271ms (1397 modules)
 ✓ Compiled in 459ms (634 modules)
 GET / 200 in 699ms
 ○ Compiling /how-it-works ...
 ✓ Compiled /how-it-works in 694ms (772 modules)
 GET /how-it-works 200 in 1258ms
 ✓ Compiled /trust in 177ms (774 modules)
 GET /trust 200 in 505ms
 ✓ Compiled /demo in 200ms (784 modules)
 GET /demo 200 in 528ms
 ✓ Compiled /login in 191ms (796 modules)
 GET /login 200 in 444ms
 ○ Compiling /register ...
 ✓ Compiled /register in 898ms (1427 modules)
 GET /register 200 in 1184ms
 GET / 200 in 224ms
 GET /how-it-works 200 in 167ms
 GET /trust 200 in 184ms
 GET /demo 200 in 161ms
 GET /login 200 in 108ms
 GET /register 200 in 96ms
 GET / 200 in 200ms
 GET /how-it-works 200 in 161ms
 GET /trust 200 in 178ms
 GET /demo 200 in 147ms
 GET /login 200 in 110ms
 GET /register 200 in 91ms
 GET / 200 in 216ms
 GET /how-it-works 200 in 157ms
 GET /trust 200 in 161ms
 GET /demo 200 in 137ms
 GET /login 200 in 104ms
 GET /register 200 in 120ms
 GET / 200 in 246ms
 GET /how-it-works 200 in 162ms
 GET /trust 200 in 196ms
 GET /demo 200 in 136ms
 GET /login 200 in 123ms
 GET /register 200 in 88ms
 GET / 200 in 317ms
 GET /how-it-works 200 in 169ms
 GET /trust 200 in 166ms
 GET /demo 200 in 192ms
 GET /login 200 in 117ms
 GET /register 200 in 105ms
 GET / 200 in 222ms
 GET /how-it-works 200 in 147ms
 GET /trust 200 in 159ms
 GET /demo 200 in 154ms
 GET /login 200 in 384ms
 GET /register 200 in 101ms
 GET / 200 in 210ms
 GET /how-it-works 200 in 152ms
 GET /trust 200 in 137ms
 GET /demo 200 in 155ms
 GET /login 200 in 117ms
 GET /register 200 in 112ms
 GET / 200 in 195ms
 ✓ Compiled in 1081ms (1401 modules)
 GET / 200 in 501ms
 GET / 200 in 225ms
 GET / 200 in 166ms
 GET / 200 in 170ms
 GET / 200 in 208ms
 GET / 200 in 218ms
 GET / 200 in 336ms
 GET / 200 in 221ms
 GET / 200 in 237ms
 ✓ Compiled /how-it-works in 315ms (772 modules)
 GET /how-it-works 200 in 815ms
 ✓ Compiled /trust in 157ms (774 modules)
 GET /trust 200 in 511ms
 ✓ Compiled /demo in 216ms (784 modules)
 GET /demo 200 in 523ms
 ○ Compiling /login ...
 ✓ Compiled /login in 524ms (796 modules)
 GET /login 200 in 830ms
 ✓ Compiled /register in 289ms (803 modules)
 GET /register 200 in 549ms
 GET / 200 in 265ms
 GET / 200 in 164ms
 GET / 200 in 237ms
 ✓ Compiled in 2.9s (1412 modules)
 GET / 200 in 638ms
 GET / 200 in 170ms
 GET / 200 in 256ms
 GET / 200 in 265ms
 GET / 200 in 359ms
 GET / 200 in 334ms
 GET / 200 in 236ms
 GET /how-it-works 200 in 261ms
 GET /trust 200 in 153ms
 ○ Compiling /login ...
 ✓ Compiled /login in 678ms (787 modules)
 GET /login 200 in 862ms
 GET /login 200 in 60ms
 ○ Compiling /portal ...
 ✓ Compiled /portal in 2s (1491 modules)
 GET /portal 200 in 2120ms
 GET /portal 200 in 52ms
 ○ Compiling /portal/credentials ...
 ✓ Compiled /portal/credentials in 737ms (1508 modules)
 GET /portal/credentials 200 in 854ms
 GET /portal/credentials 200 in 72ms
 ○ Compiling /portal/verification ...
 ✓ Compiled /portal/verification in 667ms (1517 modules)
 GET /portal/verification 200 in 800ms
 GET /portal/verification 200 in 130ms
 ○ Compiling /portal/issuers ...
 ✓ Compiled /portal/issuers in 791ms (1526 modules)
 GET /portal/issuers 200 in 883ms
 GET /portal/issuers 200 in 53ms
 ○ Compiling /portal/audit ...
 ✓ Compiled /portal/audit in 734ms (1539 modules)
 GET /portal/audit 200 in 840ms
 GET /portal/audit 200 in 54ms
 ○ Compiling /portal/profile ...
 ✓ Compiled /portal/profile in 878ms (1552 modules)
 GET /portal/profile 200 in 1112ms
 GET /portal/profile 200 in 77ms
 GET /portal 200 in 44ms
 GET /portal/credentials 200 in 56ms
 GET /portal/verification 200 in 62ms
 GET /portal/issuers 200 in 47ms
 GET /portal/audit 200 in 53ms
 GET /portal/profile 200 in 42ms
 GET /portal 200 in 42ms
 GET /portal/credentials 200 in 35ms
 GET /portal/verification 200 in 35ms
 GET /portal/issuers 200 in 31ms
 ○ Compiling /portal/issuers/[id] ...
 ✓ Compiled /portal/issuers/[id] in 2.1s (1509 modules)
 GET /portal/issuers/org-cascade 200 in 5928ms
 GET /portal/issuers/org-cascade 200 in 79ms
 ○ Compiling /portal/trust-registry ...
 ✓ Compiled /portal/trust-registry in 996ms (1526 modules)
 GET /portal/trust-registry 200 in 1135ms
 GET /portal/trust-registry 200 in 57ms
 ○ Compiling /portal/organizations ...
 ✓ Compiled /portal/organizations in 851ms (1535 modules)
 GET /portal/organizations 200 in 946ms
 GET /portal/organizations 200 in 58ms
 GET /portal/audit 200 in 57ms
 GET /portal/profile 200 in 50ms
 ✓ Compiled in 971ms (709 modules)
 GET /portal/profile 200 in 79ms
 ○ Compiling / ...
 ✓ Compiled / in 1014ms (837 modules)
 GET / 200 in 3129ms
 GET / 200 in 483ms
 ✓ Compiled /how-it-works in 470ms (839 modules)
 GET /how-it-works 200 in 696ms
 ✓ Compiled /trust in 425ms (841 modules)
 GET /trust 200 in 583ms
 ✓ Compiled /login in 350ms (850 modules)
 GET /login 200 in 530ms
 GET /login 200 in 38ms
 GET / 200 in 45ms
 GET / 200 in 405ms
 GET / 200 in 220ms
 GET / 200 in 167ms
 GET / 200 in 213ms
 GET / 200 in 196ms
 GET / 200 in 214ms
 GET / 200 in 224ms
 GET / 200 in 230ms
 GET / 200 in 281ms
 GET /how-it-works 200 in 218ms
 GET /trust 200 in 180ms
 ✓ Compiled /demo in 390ms (858 modules)
 GET /trust 200 in 282ms
 GET /demo 200 in 790ms
 GET /demo 200 in 45ms
 GET /login 200 in 137ms
 ✓ Compiled /register in 398ms (856 modules)
 GET /register 200 in 754ms
 GET /demo 200 in 55ms
 GET / 200 in 213ms
 GET / 200 in 202ms
 GET /register 200 in 39ms
 GET / 200 in 188ms
 GET / 200 in 215ms
 GET / 200 in 38ms
 ✓ Compiled in 1937ms (1529 modules)
 ✓ Compiled in 802ms (1543 modules)
 ✓ Compiled in 917ms (1543 modules)
 ✓ Compiled in 1177ms (1543 modules)
 GET / 200 in 533ms
 GET / 200 in 270ms
 GET / 200 in 203ms
 GET / 200 in 340ms
 GET / 200 in 254ms
 GET / 200 in 200ms
 GET / 200 in 261ms
 GET / 200 in 215ms
 GET / 200 in 220ms
 ○ Compiling /how-it-works ...
 ✓ Compiled /how-it-works in 597ms (836 modules)
 GET /how-it-works 200 in 1080ms
 GET /trust 200 in 146ms
 ✓ Compiled /demo in 299ms (845 modules)
 GET /trust 200 in 286ms
 GET /demo 200 in 705ms
 ✓ Compiled /login in 310ms (853 modules)
 GET /demo 200 in 256ms
 GET /login 200 in 661ms
 ✓ Compiled /register in 331ms (860 modules)
 GET /register 200 in 685ms
 GET / 200 in 251ms
 GET / 200 in 193ms
 GET / 200 in 168ms
 GET / 200 in 180ms
 ✓ Compiled in 947ms (1543 modules)
 GET /trust 200 in 423ms
 GET / 200 in 220ms
 ✓ Compiled /how-it-works in 344ms (836 modules)
 GET /how-it-works 200 in 690ms
 GET /trust 200 in 171ms
 ✓ Compiled /demo in 265ms (833 modules)
 GET /demo 200 in 589ms
 ✓ Compiled /login in 269ms (841 modules)
 GET /login 200 in 549ms
 ○ Compiling /register ...
 ✓ Compiled /register in 651ms (831 modules)
 GET /register 200 in 1037ms
 GET / 200 in 241ms
 GET /how-it-works 200 in 104ms
 GET / 200 in 379ms
 GET / 200 in 330ms
 GET /login 200 in 47ms
 ○ Compiling /portal ...
 ✓ Compiled /portal in 869ms (836 modules)
 GET /portal 200 in 1031ms
 GET /portal 200 in 58ms
 ✓ Compiled /portal/credentials in 322ms (846 modules)
 GET /portal/credentials 200 in 455ms
 GET /portal/credentials 200 in 54ms
 GET /portal 200 in 42ms
 GET / 200 in 369ms
 GET / 200 in 194ms
